Rust size guard: base 56af80ba92a544abf9c6531606a6340825f9a25f; limit 1000 physical lines
EXCEPTION  1736 crates/lang-codegen/src/llvm/adapter.rs (owner: lang-codegen SSA/LLVM; review: SPEC-0288 第三轮自审逐行核对 owned remove/assignment 合同与上述领域接线，锁定 1785 行；不声称独立评审。再次增长或职责增加前重新审阅。)
EXCEPTION  1927 crates/lang-codegen/src/native/unit_tests.rs (owner: lang-codegen native tests; review: SPEC-0285独立完整审阅核对此次有界增长与既有职责；超过2030行或增加职责前重新审阅。)
EXCEPTION  1309 crates/lang-codegen/src/native_tests.rs (owner: lang-codegen native source verification; review: SPEC-0288 independent full review核对模块注册有界增长；超过1310行或扩张职责前重新审阅。)
BASELINE   1035 crates/lang-codegen/src/ssa/aggregate_operation_tests.rs (base: 1035)
BASELINE   1031 crates/lang-codegen/src/ssa/container_operation_tests.rs (base: 1031)
EXCEPTION  1479 crates/lang-codegen/src/ssa/lower_frontend.rs (owner: lang-codegen single-file lowering; review: SPEC-0288 第三轮自审逐行核对 owned remove/assignment 合同与上述领域接线，锁定 1525 行；不声称独立评审。再次增长或职责增加前重新审阅。)
EXCEPTION  1277 crates/lang-codegen/src/ssa/lower_frontend/control.rs (owner: lang-codegen single-file control lowering; review: SPEC-0288 第二轮自审逐行核对上述有限接线与独立领域模块，锁定 1520 行；超出或增加职责前重新审阅。)
EXCEPTION  2004 crates/lang-codegen/src/ssa/lower_frontend_tests.rs (owner: lang-codegen Map; review: SPEC-0288 第二轮自审逐行核对上述有限接线与独立领域模块，锁定 2004 行；超出或增加职责前重新审阅。)
EXCEPTION  1178 crates/lang-codegen/src/ssa/verify_operation.rs (owner: lang-codegen SSA/LLVM; review: SPEC-0288 第三轮自审逐行核对 owned remove/assignment 合同与上述领域接线，锁定 1306 行；不声称独立评审。再次增长或职责增加前重新审阅。)
EXCEPTION  1827 crates/lang-codegen/src/ssa/verify_ownership.rs (owner: lang-codegen SSA/LLVM; review: SPEC-0288 独立完整审阅核对 Map 所有权转移，锁定 1860 行；超过该值或增加职责前重新审阅。)
BASELINE   1659 crates/lang-codegen/src/ssa/verify_ownership_tests.rs (base: 1659)
BASELINE   1392 crates/lang-codegen/src/ssa/verify_scalar_tests.rs (base: 1392)
BASELINE   1116 crates/lang-frontend/src/name_resolution/resolver.rs (base: 1116)
EXCEPTION  1281 crates/lang-frontend/src/ownership_checking/checker.rs (owner: lang-frontend single ownership; review: SPEC-0288本轮逐行核对增长接线与单职责子模块，精确上限1429；再次超出或增加职责前重新审阅。)
EXCEPTION  1580 crates/lang-frontend/src/ownership_checking/checker/drop_planner.rs (owner: lang-frontend single drop planner; review: SPEC-0288 第三轮自审逐行核对 owned remove/assignment 合同与上述领域接线，锁定 1681 行；不声称独立评审。再次增长或职责增加前重新审阅。)
EXCEPTION  1155 crates/lang-frontend/src/ownership_checking/checker/drop_planner/iteration/tests/conditional_leaf.rs (owner: lang-frontend ownership/drop tests（Halckon）; review: 下次修改本场景、共用回放helper或instance_replay合同前复查；增加职责或超过当前上限必须独立评审。)
EXCEPTION  1143 crates/lang-frontend/src/ownership_checking/checker/drop_planner/iteration/tests/file_parent.rs (owner: lang-frontend ownership/drop tests（Halckon）; review: 下次修改本场景、共用回放helper或instance_replay合同前复查；增加职责或超过当前上限必须独立评审。)
EXCEPTION  1145 crates/lang-frontend/src/ownership_checking/checker/drop_planner/iteration/tests/sibling_shared_loans.rs (owner: lang-frontend ownership/drop tests（Halckon）; review: 下次修改本场景、共用回放helper或instance_replay合同前复查；增加职责或超过当前上限必须独立评审。)
EXCEPTION  1077 crates/lang-frontend/src/ownership_checking/compilation_unit.rs (owner: lang-frontend compilation-unit iteration; review: SPEC-0279 独立完整审阅核本次有界接线；超过1149行或扩展职责前重新审阅。)
EXCEPTION  1163 crates/lang-frontend/src/ownership_checking/compilation_unit/dataflow.rs (owner: lang-frontend compilation-unit iteration; review: SPEC-0288本轮逐行核对增长接线与单职责子模块，精确上限1248；再次超出或增加职责前重新审阅。)
EXCEPTION  1605 crates/lang-frontend/src/ownership_checking/compilation_unit/dataflow/drop_planner.rs (owner: lang-frontend unit drop planner; review: SPEC-0288 第三轮自审逐行核对 owned remove/assignment 合同与上述领域接线，锁定 1669 行；不声称独立评审。再次增长或职责增加前重新审阅。)
BASELINE   1088 crates/lang-frontend/src/parser/engine/class.rs (base: 1088)
BASELINE   1055 crates/lang-frontend/src/type_checking/checker/callable.rs (base: 1055)
EXCEPTION  1161 crates/lang-frontend/src/type_checking/checker/container.rs (owner: lang-frontend single type container; review: SPEC-0287独立完整审阅核对Map与MutableMap在container.rs的微量委托接线，锁定1180行；超过1180行或增加职责前重新审阅。)
EXCEPTION  1207 crates/lang-frontend/src/type_checking/checker/expression.rs (owner: lang-frontend single type checker; review: SPEC-0274独立完整审阅核对此次有界增长与既有职责；超过1206行或增加职责前重新审阅。 SPEC-0279独立复核 gate、canonical身份、mode/arity/strong move/named负例；新精确上限1207，超出或新增职责前重新审阅。)
EXCEPTION  1328 crates/lang-frontend/src/type_checking/compilation_unit/bodies.rs (owner: lang-frontend unit types; review: SPEC-0288独立完整审阅核对此次有界增长与既有职责；超过1385行或增加职责前重新审阅。)
EXCEPTION  1127 crates/lang-frontend/src/type_checking/compilation_unit/bodies/checker.rs (owner: lang-frontend compilation-unit iteration; review: SPEC-0265 fresh review核本次有界增长；超过此精确上限或职责扩展需重新审阅。)
EXCEPTION  1304 crates/lang-frontend/src/type_checking/compilation_unit/model.rs (owner: lang-frontend unit type model; review: SPEC-0279独立审阅公开结构只用于canonical查询及1406行精确增长；再次增长或迁移前重新审阅。)
EXCEPTION  1036 crates/lang-frontend/src/type_checking/compilation_unit/signatures.rs (owner: lang-frontend compilation-unit signatures; review: SPEC-0288 分支收尾核对 2 行接线与既有职责；超过 1036 行或新增签名职责前重新审阅。)
EXCEPTION  1514 crates/lang-frontend/src/type_checking/model.rs (owner: lang-frontend single type model; review: SPEC-0287独立完整审阅核对Map与MutableMap类型构造器与Hashable能力扩展，锁定1555行；超过1555行或增加职责前重新审阅。)
BASELINE   2316 crates/lang-frontend/tests/fixtures.rs (base: 2316)
BASELINE   1178 crates/lang-frontend/tests/lexer.rs (base: 1178)
EXCEPTION  1011 crates/lang-frontend/tests/multifile_constant_ownership.rs (owner: lang-frontend compilation-unit iteration; review: SPEC-0265 fresh review核本次有界增长；超过此精确上限或职责扩展需重新审阅。)
BASELINE   1198 crates/lang-frontend/tests/ownership_checking.rs (base: 1198)
BASELINE   1093 crates/lang-frontend/tests/ownership_resource_deinit.rs (base: 1093)
BASELINE   1512 crates/lang-frontend/tests/parser_call_argument.rs (base: 1512)
BASELINE   1926 crates/lang-frontend/tests/parser_expression.rs (base: 1926)
BASELINE   2251 crates/lang-frontend/tests/type_checking.rs (base: 2251)
1027 handwritten Rust files; 38 over 1000; 0 explicitly registered generated files
Rust size guard passed; historical debt is reported, not silently cleared.
