   Compiling lang-cli v0.1.0 (/workspace/scratch/e92619458311/koven-pr69-fixes/crates/lang-cli)
    Finished `test` profile [unoptimized + debuginfo] target(s) in 1.50s
     Running tests/range_project_cli.rs (target/debug/deps/range_project_cli-fb1881a8df3be3f6)

running 3 tests
test drop_algorithms::public_std_drop_algorithms_nonzero_offset_preserves_elements_and_root_once ... FAILED
test drop_algorithms::public_std_drop_algorithms_negative_counts_abort_even_for_empty_views ... FAILED
test drop_algorithms::public_std_drop_algorithms_clip_list_view_and_receiver_counts ... FAILED

failures:

---- drop_algorithms::public_std_drop_algorithms_nonzero_offset_preserves_elements_and_root_once stdout ----

thread 'drop_algorithms::public_std_drop_algorithms_nonzero_offset_preserves_elements_and_root_once' (122) panicked at crates/lang-cli/tests/range_project_cli/drop_algorithms.rs:42:9:
String: Output { status: ExitStatus(unix_wait_status(256)), stdout: "", stderr: "error[L0148] src/app/Main.ko:2:25-2:29: unresolved exact import target\nerror[L0148] src/app/Main.ko:3:25-3:33: unresolved exact import target\nerror[L0080] src/app/Main.ko:9:53-9:57: unresolved name\nerror[L0080] src/app/Main.ko:9:121-9:129: unresolved name\n" }
note: run with `RUST_BACKTRACE=1` environment variable to display a backtrace

---- drop_algorithms::public_std_drop_algorithms_negative_counts_abort_even_for_empty_views stdout ----

thread 'drop_algorithms::public_std_drop_algorithms_negative_counts_abort_even_for_empty_views' (121) panicked at crates/lang-cli/tests/range_project_cli/drop_algorithms.rs:59:17:
drop(source,-1): Output { status: ExitStatus(unix_wait_status(256)), stdout: "", stderr: "error[L0148] src/app/Main.ko:2:25-2:29: unresolved exact import target\nerror[L0080] src/app/Main.ko:5:86-5:90: unresolved name\n" }

---- drop_algorithms::public_std_drop_algorithms_clip_list_view_and_receiver_counts stdout ----

thread 'drop_algorithms::public_std_drop_algorithms_clip_list_view_and_receiver_counts' (120) panicked at crates/lang-cli/tests/range_project_cli/drop_algorithms.rs:24:13:
drop, receiver=false: Output { status: ExitStatus(unix_wait_status(256)), stdout: "", stderr: "error[L0148] src/app/Main.ko:2:25-2:29: unresolved exact import target\nerror[L0080] src/app/Main.ko:5:113-5:117: unresolved name\nerror[L0080] src/app/Main.ko:5:136-5:140: unresolved name\nerror[L0080] src/app/Main.ko:5:159-5:163: unresolved name\nerror[L0080] src/app/Main.ko:5:182-5:186: unresolved name\nerror[L0080] src/app/Main.ko:5:205-5:209: unresolved name\nerror[L0080] src/app/Main.ko:5:237-5:241: unresolved name\nerror[L0080] src/app/Main.ko:5:260-5:264: unresolved name\nerror[L0080] src/app/Main.ko:5:283-5:287: unresolved name\nerror[L0080] src/app/Main.ko:5:306-5:310: unresolved name\nerror[L0080] src/app/Main.ko:5:329-5:333: unresolved name\nerror[L0080] src/app/Main.ko:5:361-5:365: unresolved name\nerror[L0080] src/app/Main.ko:5:383-5:387: unresolved name\nerror[L0080] src/app/Main.ko:5:405-5:409: unresolved name\nerror[L0080] src/app/Main.ko:5:427-5:431: unresolved name\nerror[L0080] src/app/Main.ko:5:449-5:453: unresolved name\n" }


failures:
    drop_algorithms::public_std_drop_algorithms_clip_list_view_and_receiver_counts
    drop_algorithms::public_std_drop_algorithms_negative_counts_abort_even_for_empty_views
    drop_algorithms::public_std_drop_algorithms_nonzero_offset_preserves_elements_and_root_once

test result: FAILED. 0 passed; 3 failed; 0 ignored; 0 measured; 23 filtered out; finished in 0.17s

error: test failed, to rerun pass `-p lang-cli --test range_project_cli`
