
COMMAND: cargo test --locked --offline -p lang-codegen --lib ssa::range_lowering_tests::range_single_and_unit_keep_the_same_new_descriptor_abi -- --exact
    Finished `test` profile [unoptimized + debuginfo] target(s) in 0.06s
     Running unittests src/lib.rs (target/debug/deps/lang_codegen-ebf35c020d0bc183)

running 1 test
test ssa::range_lowering_tests::range_single_and_unit_keep_the_same_new_descriptor_abi ... ok

test result: ok. 1 passed; 0 failed; 0 ignored; 0 measured; 1212 filtered out; finished in 0.05s


COMMAND: cargo test --locked --offline -p lang-codegen --lib ssa::range_lowering_tests::range_metadata_borrow_is_separate_from_constructing_a_new_descriptor -- --exact
    Finished `test` profile [unoptimized + debuginfo] target(s) in 0.06s
     Running unittests src/lib.rs (target/debug/deps/lang_codegen-ebf35c020d0bc183)

running 1 test
test ssa::range_lowering_tests::range_metadata_borrow_is_separate_from_constructing_a_new_descriptor ... ok

test result: ok. 1 passed; 0 failed; 0 ignored; 0 measured; 1212 filtered out; finished in 0.07s


COMMAND: cargo test --locked --offline -p lang-codegen --lib ssa::range_lowering_tests::view_source::range_view_source_take_single_and_unit_end_parent_before_child_use -- --exact
    Finished `test` profile [unoptimized + debuginfo] target(s) in 0.07s
     Running unittests src/lib.rs (target/debug/deps/lang_codegen-ebf35c020d0bc183)

running 1 test
test ssa::range_lowering_tests::view_source::range_view_source_take_single_and_unit_end_parent_before_child_use ... ok

test result: ok. 1 passed; 0 failed; 0 ignored; 0 measured; 1212 filtered out; finished in 0.07s


COMMAND: cargo test --locked --offline -p lang-codegen --lib ssa::range_lowering_tests::view_source::range_view_source_native_single_and_unit_preserve_collection_and_element_identities -- --exact
    Finished `test` profile [unoptimized + debuginfo] target(s) in 0.08s
     Running unittests src/lib.rs (target/debug/deps/lang_codegen-ebf35c020d0bc183)

running 1 test
test ssa::range_lowering_tests::view_source::range_view_source_native_single_and_unit_preserve_collection_and_element_identities ... ok

test result: ok. 1 passed; 0 failed; 0 ignored; 0 measured; 1212 filtered out; finished in 1.99s


COMMAND: cargo test --locked --offline -p lang-codegen --lib ssa::range_lowering_tests::view_source::range_view_source_offsets_and_forwarded_return_preserve_absolute_root_coordinates -- --exact
    Finished `test` profile [unoptimized + debuginfo] target(s) in 0.09s
     Running unittests src/lib.rs (target/debug/deps/lang_codegen-ebf35c020d0bc183)

running 1 test
test ssa::range_lowering_tests::view_source::range_view_source_offsets_and_forwarded_return_preserve_absolute_root_coordinates ... ok

test result: ok. 1 passed; 0 failed; 0 ignored; 0 measured; 1212 filtered out; finished in 2.44s


COMMAND: cargo test --locked --offline -p lang-codegen --lib ssa::range_lowering_tests::temporary::range_temporary_native_single_and_unit_release_string_move_only_and_resource_identities -- --exact
    Finished `test` profile [unoptimized + debuginfo] target(s) in 0.10s
     Running unittests src/lib.rs (target/debug/deps/lang_codegen-ebf35c020d0bc183)

running 1 test
test ssa::range_lowering_tests::temporary::range_temporary_native_single_and_unit_release_string_move_only_and_resource_identities ... ok

test result: ok. 1 passed; 0 failed; 0 ignored; 0 measured; 1212 filtered out; finished in 8.63s


COMMAND: cargo test --locked --offline -p lang-codegen --lib ssa::range_lowering_tests::temporary::range_temporary_sequential_uses_and_loop_exits_keep_correlated_ssa_facts -- --exact
    Finished `test` profile [unoptimized + debuginfo] target(s) in 0.05s
     Running unittests src/lib.rs (target/debug/deps/lang_codegen-ebf35c020d0bc183)

running 1 test
test ssa::range_lowering_tests::temporary::range_temporary_sequential_uses_and_loop_exits_keep_correlated_ssa_facts ... ok

test result: ok. 1 passed; 0 failed; 0 ignored; 0 measured; 1212 filtered out; finished in 0.41s


COMMAND: cargo test --locked --offline -p lang-codegen --lib ssa::borrow_result_boundary_tests::multi_parameter_borrow_return_single_lowering_remains_unsupported -- --exact
    Finished `test` profile [unoptimized + debuginfo] target(s) in 0.07s
     Running unittests src/lib.rs (target/debug/deps/lang_codegen-ebf35c020d0bc183)

running 1 test
test ssa::borrow_result_boundary_tests::multi_parameter_borrow_return_single_lowering_remains_unsupported ... ok

test result: ok. 1 passed; 0 failed; 0 ignored; 0 measured; 1212 filtered out; finished in 0.01s


COMMAND: cargo test --locked --offline -p lang-codegen --lib ssa::borrow_result_boundary_tests::multi_parameter_borrow_return_unit_lowering_remains_unsupported -- --exact
    Finished `test` profile [unoptimized + debuginfo] target(s) in 0.06s
     Running unittests src/lib.rs (target/debug/deps/lang_codegen-ebf35c020d0bc183)

running 1 test
test ssa::borrow_result_boundary_tests::multi_parameter_borrow_return_unit_lowering_remains_unsupported ... ok

test result: ok. 1 passed; 0 failed; 0 ignored; 0 measured; 1212 filtered out; finished in 0.01s


COMMAND: cargo test --locked --offline -p lang-codegen --lib ssa::borrow_result_boundary_tests::stable_place_root_single_lowering_preserves_real_storage -- --exact
    Finished `test` profile [unoptimized + debuginfo] target(s) in 0.09s
     Running unittests src/lib.rs (target/debug/deps/lang_codegen-ebf35c020d0bc183)

running 1 test
test ssa::borrow_result_boundary_tests::stable_place_root_single_lowering_preserves_real_storage ... ok

test result: ok. 1 passed; 0 failed; 0 ignored; 0 measured; 1212 filtered out; finished in 0.01s


COMMAND: cargo test --locked --offline -p lang-codegen --lib ssa::borrow_result_boundary_tests::stable_place_root_unit_lowering_preserves_real_storage -- --exact
    Finished `test` profile [unoptimized + debuginfo] target(s) in 0.06s
     Running unittests src/lib.rs (target/debug/deps/lang_codegen-ebf35c020d0bc183)

running 1 test
test ssa::borrow_result_boundary_tests::stable_place_root_unit_lowering_preserves_real_storage ... ok

test result: ok. 1 passed; 0 failed; 0 ignored; 0 measured; 1212 filtered out; finished in 0.01s


COMMAND: cargo test --locked --offline -p lang-codegen --lib ssa::borrow_result_contract_tests::borrowed_result_single_ssa_uses_returned_loan_and_orders_end_before_move -- --exact
    Finished `test` profile [unoptimized + debuginfo] target(s) in 0.08s
     Running unittests src/lib.rs (target/debug/deps/lang_codegen-ebf35c020d0bc183)

running 1 test
test ssa::borrow_result_contract_tests::borrowed_result_single_ssa_uses_returned_loan_and_orders_end_before_move ... ok

test result: ok. 1 passed; 0 failed; 0 ignored; 0 measured; 1212 filtered out; finished in 0.01s


COMMAND: cargo test --locked --offline -p lang-codegen --lib ssa::borrow_result_contract_tests::borrowed_result_unit_ssa_uses_returned_loan_and_orders_end_before_move -- --exact
    Finished `test` profile [unoptimized + debuginfo] target(s) in 0.07s
     Running unittests src/lib.rs (target/debug/deps/lang_codegen-ebf35c020d0bc183)

running 1 test
test ssa::borrow_result_contract_tests::borrowed_result_unit_ssa_uses_returned_loan_and_orders_end_before_move ... ok

test result: ok. 1 passed; 0 failed; 0 ignored; 0 measured; 1212 filtered out; finished in 0.01s


COMMAND: cargo test --locked --offline -p lang-codegen --lib ssa::borrow_result_contract_tests::borrowed_result_source_move_stays_a_frontend_diagnostic_before_ssa -- --exact
    Finished `test` profile [unoptimized + debuginfo] target(s) in 0.07s
     Running unittests src/lib.rs (target/debug/deps/lang_codegen-ebf35c020d0bc183)

running 1 test
test ssa::borrow_result_contract_tests::borrowed_result_source_move_stays_a_frontend_diagnostic_before_ssa ... ok

test result: ok. 1 passed; 0 failed; 0 ignored; 0 measured; 1212 filtered out; finished in 0.01s


COMMAND: cargo test --locked --offline -p lang-codegen --lib ssa::borrow_result_contract_tests::borrowed_result_caller_cfg_and_block_returns_stay_precisely_unsupported -- --exact
    Finished `test` profile [unoptimized + debuginfo] target(s) in 0.08s
     Running unittests src/lib.rs (target/debug/deps/lang_codegen-ebf35c020d0bc183)

running 1 test
test ssa::borrow_result_contract_tests::borrowed_result_caller_cfg_and_block_returns_stay_precisely_unsupported ... ok

test result: ok. 1 passed; 0 failed; 0 ignored; 0 measured; 1212 filtered out; finished in 0.01s

